// Jest Snapshot v1, https://goo.gl/fbAQLP

exports[`fulfillment-inventory listInventorySupply returns a parsed model when the response is valid 1`] = `
Array [
  Object {
    "InventorySupplyList": Array [
      Object {
        "ASIN": "BT008FQ92Q",
        "Condition": "NewItem",
        "EarliestAvailability": undefined,
        "FNSKU": "X0000000EY",
        "InStockSupplyQuantity": 4,
        "SellerSKU": "SampleSKU3",
        "SupplyDetail": Array [
          Object {
            "EarliestAvailableToPick": Object {
              "DateTime": undefined,
              "TimepointType": "Immediately",
            },
            "LatestAvailableToPick": Object {
              "DateTime": undefined,
              "TimepointType": "Immediately",
            },
            "Quantity": 5,
            "SupplyType": "InStock",
          },
          Object {
            "EarliestAvailableToPick": Object {
              "DateTime": 2011-05-04T23:00:00.000Z,
              "TimepointType": "DateTime",
            },
            "LatestAvailableToPick": Object {
              "DateTime": 2011-05-04T23:00:00.000Z,
              "TimepointType": "DateTime",
            },
            "Quantity": 13,
            "SupplyType": "InStock",
          },
        ],
        "TotalSupplyQuantity": 18,
      },
    ],
    "MarketplaceId": undefined,
    "NextToken": NextToken {
      "action": "ListInventorySupply",
      "token": "H4sIAAAAAAAAADXQzW6CMAAA4FcxXD3AgE5J5pLSiBTQ8Sc
            SblCB0Ap2LSL49O6y7xGr05WbPW8ip3SlDdZK6t3CmuKTH8d9B/0mhCR7gcV
            E3gpuDaR8850n239tjC17Z3Gg2PmsZJNa14izwUtQAMYp6tOH4NHl/gN492S
            YVU0P5F0OYwUwmYI0d/YHnMSgDPUF0mvxTPNofZkXr6ww39SIBYJUTlUMNwI
            WaduUNr/MZYmaySPqugvxiQaTs2Rxgs1gFENKcUV7Ry/8BSUECjcj2sQ7bLT
            nBvYPd9/ksLbmV5ydt+HUWFx1QMQgD7O5Ey96mZzNZypKo7V9nBUtPNp/Azt
            F/X4Di21K/SkBAAA=",
    },
  },
  Object {
    "quotaMax": 1000,
    "quotaRemaining": 999,
    "quotaResetOn": "2020-04-06T10:22:23.582Z",
    "requestId": "0",
    "timestamp": "2020-05-06T09:22:23.582Z",
  },
]
`;
